Command line invocation:
    /Applications/Xcode.app/Contents/Developer/usr/bin/xcodebuild -project OptClicker.xcodeproj -scheme OptClick -configuration Debug -destination platform=macOS build

Resolve Package Graph


Resolved source packages:
  HotKey: https://github.com/soffes/HotKey @ main (a3cf605)
  Sparkle: https://github.com/sparkle-project/Sparkle @ 2.9.1

--- xcodebuild: WARNING: Using the first of multiple matching destinations:
{ platform:macOS, arch:arm64, id:00006000-000208921EC3801E, name:My Mac }
{ platform:macOS, arch:x86_64, id:00006000-000208921EC3801E, name:My Mac }
ComputePackagePrebuildTargetDependencyGraph

Prepare packages

CreateBuildRequest

SendProjectDescription

CreateBuildOperation

ComputeTargetDependencyGraph
note: Building targets in dependency order
note: Target dependency graph (4 targets)
    Target 'OptClicker' in project 'OptClicker'
        ➜ Explicit dependency on target 'HotKey' in project 'HotKey'
        ➜ Explicit dependency on target 'Sparkle' in project 'Sparkle'
    Target 'Sparkle' in project 'Sparkle' (no dependencies)
    Target 'HotKey' in project 'HotKey'
        ➜ Explicit dependency on target 'HotKey' in project 'HotKey'
    Target 'HotKey' in project 'HotKey' (no dependencies)

GatherProvisioningInputs

CreateBuildDescription

ExecuteExternalTool /Applications/Xcode.app/Contents/Developer/Toolchains/XcodeDefault.xctoolchain/usr/bin/clang -v -E -dM -isysroot /Applications/Xcode.app/Contents/Developer/Platforms/MacOSX.platform/Developer/SDKs/MacOSX26.0.sdk -x c -c /dev/null

ExecuteExternalTool /Applications/Xcode.app/Contents/Developer/Toolchains/XcodeDefault.xctoolchain/usr/bin/swiftc --version

ExecuteExternalTool /Applications/Xcode.app/Contents/Developer/usr/bin/actool --version --output-format xml1

ExecuteExternalTool /Applications/Xcode.app/Contents/Developer/usr/bin/xcstringstool compile --dry-run --output-directory /Users/michaelqiu/Library/Developer/Xcode/DerivedData/OptClicker-clfwnlajshttuufspoeojewbotyg/Build/Intermediates.noindex/OptClicker.build/Debug/OptClicker.build /Users/michaelqiu/Projects/03_App_macOS/OptClicker/OptClicker/Resources/Localizable.xcstrings

ExecuteExternalTool /Applications/Xcode.app/Contents/Developer/Toolchains/XcodeDefault.xctoolchain/usr/bin/ld -version_details

Build description signature: 460f2fe70469e9c4c137853695e27431
Build description path: /Users/michaelqiu/Library/Developer/Xcode/DerivedData/OptClicker-clfwnlajshttuufspoeojewbotyg/Build/Intermediates.noindex/XCBuildData/460f2fe70469e9c4c137853695e27431.xcbuilddata
ClangStatCache /Applications/Xcode.app/Contents/Developer/Toolchains/XcodeDefault.xctoolchain/usr/bin/clang-stat-cache /Applications/Xcode.app/Contents/Developer/Platforms/MacOSX.platform/Developer/SDKs/MacOSX26.0.sdk /Users/michaelqiu/Library/Developer/Xcode/DerivedData/SDKStatCaches.noindex/macosx26.0-25A352-3885c01c3e6b6a337905948deab2002e28806144b0707e398aac92880fa50324.sdkstatcache
    cd /Users/michaelqiu/Projects/03_App_macOS/OptClicker/OptClicker.xcodeproj
    /Applications/Xcode.app/Contents/Developer/Toolchains/XcodeDefault.xctoolchain/usr/bin/clang-stat-cache /Applications/Xcode.app/Contents/Developer/Platforms/MacOSX.platform/Developer/SDKs/MacOSX26.0.sdk -o /Users/michaelqiu/Library/Developer/Xcode/DerivedData/SDKStatCaches.noindex/macosx26.0-25A352-3885c01c3e6b6a337905948deab2002e28806144b0707e398aac92880fa50324.sdkstatcache

CompileXCStrings /Users/michaelqiu/Library/Developer/Xcode/DerivedData/OptClicker-clfwnlajshttuufspoeojewbotyg/Build/Intermediates.noindex/OptClicker.build/Debug/OptClicker.build/ /Users/michaelqiu/Projects/03_App_macOS/OptClicker/OptClicker/Resources/Localizable.xcstrings (in target 'OptClicker' from project 'OptClicker')
    cd /Users/michaelqiu/Projects/03_App_macOS/OptClicker
    /Applications/Xcode.app/Contents/Developer/usr/bin/xcstringstool compile --output-directory /Users/michaelqiu/Library/Developer/Xcode/DerivedData/OptClicker-clfwnlajshttuufspoeojewbotyg/Build/Intermediates.noindex/OptClicker.build/Debug/OptClicker.build /Users/michaelqiu/Projects/03_App_macOS/OptClicker/OptClicker/Resources/Localizable.xcstrings

SwiftDriver OptClicker normal arm64 com.apple.xcode.tools.swift.compiler (in target 'OptClicker' from project 'OptClicker')
    cd /Users/michaelqiu/Projects/03_App_macOS/OptClicker
    builtin-SwiftDriver -- /Applications/Xcode.app/Contents/Developer/Toolchains/XcodeDefault.xctoolchain/usr/bin/swiftc -module-name OptClicker -Onone -enforce-exclusivity\=checked @/Users/michaelqiu/Library/Developer/Xcode/DerivedData/OptClicker-clfwnlajshttuufspoeojewbotyg/Build/Intermediates.noindex/OptClicker.build/Debug/OptClicker.build/Objects-normal/arm64/OptClicker.SwiftFileList -DDEBUG -default-isolation\=MainActor -enable-bare-slash-regex -enable-upcoming-feature DisableOutwardActorInference -enable-upcoming-feature InferSendableFromCaptures -enable-upcoming-feature GlobalActorIsolatedTypesUsability -enable-upcoming-feature MemberImportVisibility -enable-upcoming-feature InferIsolatedConformances -enable-upcoming-feature NonisolatedNonsendingByDefault -enable-experimental-feature DebugDescriptionMacro -sdk /Applications/Xcode.app/Contents/Developer/Platforms/MacOSX.platform/Developer/SDKs/MacOSX26.0.sdk -target arm64-apple-macos13.0 -g -module-cache-path /Users/michaelqiu/Library/Developer/Xcode/DerivedData/ModuleCache.noindex -Xfrontend -serialize-debugging-options -profile-coverage-mapping -profile-generate -enable-testing -index-store-path /Users/michaelqiu/Library/Developer/Xcode/DerivedData/OptClicker-clfwnlajshttuufspoeojewbotyg/Index.noindex/DataStore -Xcc -D_LIBCPP_HARDENING_MODE\=_LIBCPP_HARDENING_MODE_DEBUG -swift-version 5 -I /Users/michaelqiu/Library/Developer/Xcode/DerivedData/OptClicker-clfwnlajshttuufspoeojewbotyg/Build/Products/Debug -F /Users/michaelqiu/Library/Developer/Xcode/DerivedData/OptClicker-clfwnlajshttuufspoeojewbotyg/Build/Products/Debug/PackageFrameworks -F /Users/michaelqiu/Library/Developer/Xcode/DerivedData/OptClicker-clfwnlajshttuufspoeojewbotyg/Build/Products/Debug -emit-localized-strings -emit-localized-strings-path /Users/michaelqiu/Library/Developer/Xcode/DerivedData/OptClicker-clfwnlajshttuufspoeojewbotyg/Build/Intermediates.noindex/OptClicker.build/Debug/OptClicker.build/Objects-normal/arm64 -c -j8 -enable-batch-mode -incremental -Xcc -ivfsstatcache -Xcc /Users/michaelqiu/Library/Developer/Xcode/DerivedData/SDKStatCaches.noindex/macosx26.0-25A352-3885c01c3e6b6a337905948deab2002e28806144b0707e398aac92880fa50324.sdkstatcache -output-file-map /Users/michaelqiu/Library/Developer/Xcode/DerivedData/OptClicker-clfwnlajshttuufspoeojewbotyg/Build/Intermediates.noindex/OptClicker.build/Debug/OptClicker.build/Objects-normal/arm64/OptClicker-OutputFileMap.json -use-frontend-parseable-output -save-temps -no-color-diagnostics -explicit-module-build -module-cache-path /Users/michaelqiu/Library/Developer/Xcode/DerivedData/OptClicker-clfwnlajshttuufspoeojewbotyg/Build/Intermediates.noindex/SwiftExplicitPrecompiledModules -clang-scanner-module-cache-path /Users/michaelqiu/Library/Developer/Xcode/DerivedData/ModuleCache.noindex -sdk-module-cache-path /Users/michaelqiu/Library/Developer/Xcode/DerivedData/ModuleCache.noindex -serialize-diagnostics -emit-dependencies -emit-module -emit-module-path /Users/michaelqiu/Library/Developer/Xcode/DerivedData/OptClicker-clfwnlajshttuufspoeojewbotyg/Build/Intermediates.noindex/OptClicker.build/Debug/OptClicker.build/Objects-normal/arm64/OptClicker.swiftmodule -validate-clang-modules-once -clang-build-session-file /Users/michaelqiu/Library/Developer/Xcode/DerivedData/ModuleCache.noindex/Session.modulevalidation -Xcc -I/Users/michaelqiu/Library/Developer/Xcode/DerivedData/OptClicker-clfwnlajshttuufspoeojewbotyg/Build/Intermediates.noindex/OptClicker.build/Debug/OptClicker.build/swift-overrides.hmap -emit-const-values -Xfrontend -const-gather-protocols-file -Xfrontend /Users/michaelqiu/Library/Developer/Xcode/DerivedData/OptClicker-clfwnlajshttuufspoeojewbotyg/Build/Intermediates.noindex/OptClicker.build/Debug/OptClicker.build/Objects-normal/arm64/OptClicker_const_extract_protocols.json -Xcc -iquote -Xcc /Users/michaelqiu/Library/Developer/Xcode/DerivedData/OptClicker-clfwnlajshttuufspoeojewbotyg/Build/Intermediates.noindex/OptClicker.build/Debug/OptClicker.build/OptClicker-generated-files.hmap -Xcc -I/Users/michaelqiu/Library/Developer/Xcode/DerivedData/OptClicker-clfwnlajshttuufspoeojewbotyg/Build/Intermediates.noindex/OptClicker.build/Debug/OptClicker.build/OptClicker-own-target-headers.hmap -Xcc -I/Users/michaelqiu/Library/Developer/Xcode/DerivedData/OptClicker-clfwnlajshttuufspoeojewbotyg/Build/Intermediates.noindex/OptClicker.build/Debug/OptClicker.build/OptClicker-all-non-framework-target-headers.hmap -Xcc -ivfsoverlay -Xcc /Users/michaelqiu/Library/Developer/Xcode/DerivedData/OptClicker-clfwnlajshttuufspoeojewbotyg/Build/Intermediates.noindex/OptClicker.build/Debug/OptClicker-fd49a6a6b976d022c336ed7d9848ea79-VFS/all-product-headers.yaml -Xcc -iquote -Xcc /Users/michaelqiu/Library/Developer/Xcode/DerivedData/OptClicker-clfwnlajshttuufspoeojewbotyg/Build/Intermediates.noindex/OptClicker.build/Debug/OptClicker.build/OptClicker-project-headers.hmap -Xcc -I/Users/michaelqiu/Library/Developer/Xcode/DerivedData/OptClicker-clfwnlajshttuufspoeojewbotyg/Build/Products/Debug/include -Xcc -I/Users/michaelqiu/Library/Developer/Xcode/DerivedData/OptClicker-clfwnlajshttuufspoeojewbotyg/Build/Intermediates.noindex/OptClicker.build/Debug/OptClicker.build/DerivedSources-normal/arm64 -Xcc -I/Users/michaelqiu/Library/Developer/Xcode/DerivedData/OptClicker-clfwnlajshttuufspoeojewbotyg/Build/Intermediates.noindex/OptClicker.build/Debug/OptClicker.build/DerivedSources/arm64 -Xcc -I/Users/michaelqiu/Library/Developer/Xcode/DerivedData/OptClicker-clfwnlajshttuufspoeojewbotyg/Build/Intermediates.noindex/OptClicker.build/Debug/OptClicker.build/DerivedSources -Xcc -DDEBUG\=1 -emit-objc-header -emit-objc-header-path /Users/michaelqiu/Library/Developer/Xcode/DerivedData/OptClicker-clfwnlajshttuufspoeojewbotyg/Build/Intermediates.noindex/OptClicker.build/Debug/OptClicker.build/Objects-normal/arm64/OptClicker-Swift.h -working-directory /Users/michaelqiu/Projects/03_App_macOS/OptClicker -experimental-emit-module-separately -disable-cmo

ProcessInfoPlistFile /Users/michaelqiu/Library/Developer/Xcode/DerivedData/OptClicker-clfwnlajshttuufspoeojewbotyg/Build/Products/Debug/OptClicker.app/Contents/Info.plist /Users/michaelqiu/Library/Developer/Xcode/DerivedData/OptClicker-clfwnlajshttuufspoeojewbotyg/Build/Intermediates.noindex/OptClicker.build/Debug/OptClicker.build/empty-OptClicker.plist (in target 'OptClicker' from project 'OptClicker')
    cd /Users/michaelqiu/Projects/03_App_macOS/OptClicker
    builtin-infoPlistUtility /Users/michaelqiu/Library/Developer/Xcode/DerivedData/OptClicker-clfwnlajshttuufspoeojewbotyg/Build/Intermediates.noindex/OptClicker.build/Debug/OptClicker.build/empty-OptClicker.plist -producttype com.apple.product-type.application -genpkginfo /Users/michaelqiu/Library/Developer/Xcode/DerivedData/OptClicker-clfwnlajshttuufspoeojewbotyg/Build/Products/Debug/OptClicker.app/Contents/PkgInfo -expandbuildsettings -platform macosx -additionalcontentfile /Users/michaelqiu/Library/Developer/Xcode/DerivedData/OptClicker-clfwnlajshttuufspoeojewbotyg/Build/Intermediates.noindex/OptClicker.build/Debug/OptClicker.build/assetcatalog_generated_info.plist -scanforprivacyfile /Users/michaelqiu/Library/Developer/Xcode/DerivedData/OptClicker-clfwnlajshttuufspoeojewbotyg/Build/Products/Debug/OptClicker.app/Contents/Frameworks/Sparkle.framework -o /Users/michaelqiu/Library/Developer/Xcode/DerivedData/OptClicker-clfwnlajshttuufspoeojewbotyg/Build/Products/Debug/OptClicker.app/Contents/Info.plist

CopyStringsFile /Users/michaelqiu/Library/Developer/Xcode/DerivedData/OptClicker-clfwnlajshttuufspoeojewbotyg/Build/Products/Debug/OptClicker.app/Contents/Resources/zh-Hans.lproj/Localizable.strings /Users/michaelqiu/Library/Developer/Xcode/DerivedData/OptClicker-clfwnlajshttuufspoeojewbotyg/Build/Intermediates.noindex/OptClicker.build/Debug/OptClicker.build/zh-Hans.lproj/Localizable.strings (in target 'OptClicker' from project 'OptClicker')
    cd /Users/michaelqiu/Projects/03_App_macOS/OptClicker
    builtin-copyStrings --validate --outputencoding UTF-16 --outfilename Localizable.strings --outdir /Users/michaelqiu/Library/Developer/Xcode/DerivedData/OptClicker-clfwnlajshttuufspoeojewbotyg/Build/Products/Debug/OptClicker.app/Contents/Resources/zh-Hans.lproj -- /Users/michaelqiu/Library/Developer/Xcode/DerivedData/OptClicker-clfwnlajshttuufspoeojewbotyg/Build/Intermediates.noindex/OptClicker.build/Debug/OptClicker.build/zh-Hans.lproj/Localizable.strings
/Users/michaelqiu/Library/Developer/Xcode/DerivedData/OptClicker-clfwnlajshttuufspoeojewbotyg/Build/Intermediates.noindex/OptClicker.build/Debug/OptClicker.build/zh-Hans.lproj/Localizable.strings:1:1: note: detected encoding of input file as Unicode (UTF-8) (in target 'OptClicker' from project 'OptClicker')

CopyStringsFile /Users/michaelqiu/Library/Developer/Xcode/DerivedData/OptClicker-clfwnlajshttuufspoeojewbotyg/Build/Products/Debug/OptClicker.app/Contents/Resources/en.lproj/Localizable.strings /Users/michaelqiu/Library/Developer/Xcode/DerivedData/OptClicker-clfwnlajshttuufspoeojewbotyg/Build/Intermediates.noindex/OptClicker.build/Debug/OptClicker.build/en.lproj/Localizable.strings (in target 'OptClicker' from project 'OptClicker')
    cd /Users/michaelqiu/Projects/03_App_macOS/OptClicker
    builtin-copyStrings --validate --outputencoding UTF-16 --outfilename Localizable.strings --outdir /Users/michaelqiu/Library/Developer/Xcode/DerivedData/OptClicker-clfwnlajshttuufspoeojewbotyg/Build/Products/Debug/OptClicker.app/Contents/Resources/en.lproj -- /Users/michaelqiu/Library/Developer/Xcode/DerivedData/OptClicker-clfwnlajshttuufspoeojewbotyg/Build/Intermediates.noindex/OptClicker.build/Debug/OptClicker.build/en.lproj/Localizable.strings
/Users/michaelqiu/Library/Developer/Xcode/DerivedData/OptClicker-clfwnlajshttuufspoeojewbotyg/Build/Intermediates.noindex/OptClicker.build/Debug/OptClicker.build/en.lproj/Localizable.strings:1:1: note: detected encoding of input file as Unicode (UTF-8) (in target 'OptClicker' from project 'OptClicker')

SwiftEmitModule normal arm64 Emitting\ module\ for\ OptClicker (in target 'OptClicker' from project 'OptClicker')

EmitSwiftModule normal arm64 (in target 'OptClicker' from project 'OptClicker')
    cd /Users/michaelqiu/Projects/03_App_macOS/OptClicker
    

SwiftCompile normal arm64 Compiling\ PermissionManager.swift,\ SpaceManager.swift /Users/michaelqiu/Projects/03_App_macOS/OptClicker/OptClicker/Services/PermissionManager.swift /Users/michaelqiu/Projects/03_App_macOS/OptClicker/OptClicker/Services/SpaceManager.swift (in target 'OptClicker' from project 'OptClicker')

SwiftCompile normal arm64 /Users/michaelqiu/Projects/03_App_macOS/OptClicker/OptClicker/Services/PermissionManager.swift (in target 'OptClicker' from project 'OptClicker')
    cd /Users/michaelqiu/Projects/03_App_macOS/OptClicker
    

SwiftCompile normal arm64 /Users/michaelqiu/Projects/03_App_macOS/OptClicker/OptClicker/Services/SpaceManager.swift (in target 'OptClicker' from project 'OptClicker')
    cd /Users/michaelqiu/Projects/03_App_macOS/OptClicker
    

SwiftCompile normal arm64 Compiling\ SettingsViewController.swift /Users/michaelqiu/Projects/03_App_macOS/OptClicker/OptClicker/Views/SettingsViewController.swift (in target 'OptClicker' from project 'OptClicker')
SwiftCompile normal arm64 /Users/michaelqiu/Projects/03_App_macOS/OptClicker/OptClicker/Views/SettingsViewController.swift (in target 'OptClicker' from project 'OptClicker')
    cd /Users/michaelqiu/Projects/03_App_macOS/OptClicker
    

SwiftCompile normal arm64 Compiling\ OptClickerApp.swift /Users/michaelqiu/Projects/03_App_macOS/OptClicker/OptClicker/OptClickerApp.swift (in target 'OptClicker' from project 'OptClicker')
Failed frontend command:
/Applications/Xcode.app/Contents/Developer/Toolchains/XcodeDefault.xctoolchain/usr/bin/swift-frontend -frontend -c /Users/michaelqiu/Projects/03_App_macOS/OptClicker/OptClicker/Models/SettingsComponents.swift /Users/michaelqiu/Projects/03_App_macOS/OptClicker/OptClicker/Services/HotkeyManager.swift /Users/michaelqiu/Projects/03_App_macOS/OptClicker/OptClicker/Services/InputManager.swift /Users/michaelqiu/Projects/03_App_macOS/OptClicker/OptClicker/Services/LaunchManager.swift /Users/michaelqiu/Projects/03_App_macOS/OptClicker/OptClicker/Services/PermissionManager.swift /Users/michaelqiu/Projects/03_App_macOS/OptClicker/OptClicker/Services/SpaceManager.swift /Users/michaelqiu/Projects/03_App_macOS/OptClicker/OptClicker/Services/StatusBarManager.swift /Users/michaelqiu/Projects/03_App_macOS/OptClicker/OptClicker/Services/UpdateManager.swift /Users/michaelqiu/Projects/03_App_macOS/OptClicker/OptClicker/Views/SettingsSubViews/GeneralSettingsSubViews/AutoToggleSpacesView.swift /Users/michaelqiu/Projects/03_App_macOS/OptClicker/OptClicker/Views/SettingsSubViews/GeneralSettingsSubViews/AutoToggleView.swift /Users/michaelqiu/Projects/03_App_macOS/OptClicker/OptClicker/Views/SettingsSubViews/AboutView.swift /Users/michaelqiu/Projects/03_App_macOS/OptClicker/OptClicker/Views/SettingsSubViews/AutoToggleSettingsView.swift /Users/michaelqiu/Projects/03_App_macOS/OptClicker/OptClicker/Views/SettingsSubViews/GeneralSettingsView.swift /Users/michaelqiu/Projects/03_App_macOS/OptClicker/OptClicker/Views/SettingsSubViews/PermissionsSettingsView.swift /Users/michaelqiu/Projects/03_App_macOS/OptClicker/OptClicker/Views/SettingsSubViews/ShortcutsSettingsView.swift /Users/michaelqiu/Projects/03_App_macOS/OptClicker/OptClicker/Views/SettingsView.swift /Users/michaelqiu/Projects/03_App_macOS/OptClicker/OptClicker/Views/SettingsViewController.swift -primary-file /Users/michaelqiu/Projects/03_App_macOS/OptClicker/OptClicker/OptClickerApp.swift /Users/michaelqiu/Library/Developer/Xcode/DerivedData/OptClicker-clfwnlajshttuufspoeojewbotyg/Build/Intermediates.noindex/OptClicker.build/Debug/OptClicker.build/DerivedSources/GeneratedAssetSymbols.swift /Users/michaelqiu/Library/Developer/Xcode/DerivedData/OptClicker-clfwnlajshttuufspoeojewbotyg/Build/Intermediates.noindex/OptClicker.build/Debug/OptClicker.build/DerivedSources/GeneratedStringSymbols_Localizable.swift -emit-dependencies-path /Users/michaelqiu/Library/Developer/Xcode/DerivedData/OptClicker-clfwnlajshttuufspoeojewbotyg/Build/Intermediates.noindex/OptClicker.build/Debug/OptClicker.build/Objects-normal/arm64/OptClickerApp.d -emit-const-values-path /Users/michaelqiu/Library/Developer/Xcode/DerivedData/OptClicker-clfwnlajshttuufspoeojewbotyg/Build/Intermediates.noindex/OptClicker.build/Debug/OptClicker.build/Objects-normal/arm64/OptClickerApp.swiftconstvalues -emit-reference-dependencies-path /Users/michaelqiu/Library/Developer/Xcode/DerivedData/OptClicker-clfwnlajshttuufspoeojewbotyg/Build/Intermediates.noindex/OptClicker.build/Debug/OptClicker.build/Objects-normal/arm64/OptClickerApp.swiftdeps -serialize-diagnostics-path /Users/michaelqiu/Library/Developer/Xcode/DerivedData/OptClicker-clfwnlajshttuufspoeojewbotyg/Build/Intermediates.noindex/OptClicker.build/Debug/OptClicker.build/Objects-normal/arm64/OptClickerApp.dia -emit-localized-strings -emit-localized-strings-path /Users/michaelqiu/Library/Developer/Xcode/DerivedData/OptClicker-clfwnlajshttuufspoeojewbotyg/Build/Intermediates.noindex/OptClicker.build/Debug/OptClicker.build/Objects-normal/arm64 -target arm64-apple-macos13.0 -module-can-import-version AppKit 2685.10.108 2685.10.108 -module-can-import-version DeveloperToolsSupport 23.0.4 23.0.4 -module-can-import-version SwiftUI 7.0.84.1 7.0.84 -load-resolved-plugin /Applications/Xcode.app/Contents/Developer/Platforms/MacOSX.platform/Developer/usr/lib/swift/host/plugins/libFoundationMacros.dylib\#/Applications/Xcode.app/Contents/Developer/Platforms/MacOSX.platform/Developer/usr/bin/swift-plugin-server\#FoundationMacros -load-resolved-plugin /Applications/Xcode.app/Contents/Developer/Platforms/MacOSX.platform/Developer/usr/lib/swift/host/plugins/libObservationMacros.dylib\#/Applications/Xcode.app/Contents/Developer/Platforms/MacOSX.platform/Developer/usr/bin/swift-plugin-server\#ObservationMacros -load-resolved-plugin /Applications/Xcode.app/Contents/Developer/Platforms/MacOSX.platform/Developer/usr/lib/swift/host/plugins/libPreviewsMacros.dylib\#/Applications/Xcode.app/Contents/Developer/Platforms/MacOSX.platform/Developer/usr/bin/swift-plugin-server\#PreviewsMacros -load-resolved-plugin /Applications/Xcode.app/Contents/Developer/Platforms/MacOSX.platform/Developer/usr/lib/swift/host/plugins/libSwiftMacros.dylib\#/Applications/Xcode.app/Contents/Developer/Platforms/MacOSX.platform/Developer/usr/bin/swift-plugin-server\#SwiftMacros -load-resolved-plugin /Applications/Xcode.app/Contents/Developer/Platforms/MacOSX.platform/Developer/usr/lib/swift/host/plugins/libSwiftUIMacros.dylib\#/Applications/Xcode.app/Contents/Developer/Platforms/MacOSX.platform/Developer/usr/bin/swift-plugin-server\#SwiftUIMacros -disable-implicit-swift-modules -Xcc -fno-implicit-modules -Xcc -fno-implicit-module-maps -explicit-swift-module-map-file /Users/michaelqiu/Library/Developer/Xcode/DerivedData/OptClicker-clfwnlajshttuufspoeojewbotyg/Build/Intermediates.noindex/OptClicker.build/Debug/OptClicker.build/Objects-normal/arm64/OptClicker-dependencies-1.json -Xllvm -aarch64-use-tbi -enable-objc-interop -stack-check -sdk /Applications/Xcode.app/Contents/Developer/Platforms/MacOSX.platform/Developer/SDKs/MacOSX26.0.sdk -I /Users/michaelqiu/Library/Developer/Xcode/DerivedData/OptClicker-clfwnlajshttuufspoeojewbotyg/Build/Products/Debug -F /Users/michaelqiu/Library/Developer/Xcode/DerivedData/OptClicker-clfwnlajshttuufspoeojewbotyg/Build/Products/Debug/PackageFrameworks -F /Users/michaelqiu/Library/Developer/Xcode/DerivedData/OptClicker-clfwnlajshttuufspoeojewbotyg/Build/Products/Debug -no-color-diagnostics -Xcc -fno-color-diagnostics -enable-testing -g -debug-info-format\=dwarf -dwarf-version\=4 -module-cache-path /Users/michaelqiu/Library/Developer/Xcode/DerivedData/OptClicker-clfwnlajshttuufspoeojewbotyg/Build/Intermediates.noindex/SwiftExplicitPrecompiledModules -profile-generate -profile-coverage-mapping -swift-version 5 -enforce-exclusivity\=checked -Onone -D DEBUG -serialize-debugging-options -const-gather-protocols-file /Users/michaelqiu/Library/Developer/Xcode/DerivedData/OptClicker-clfwnlajshttuufspoeojewbotyg/Build/Intermediates.noindex/OptClicker.build/Debug/OptClicker.build/Objects-normal/arm64/OptClicker_const_extract_protocols.json -enable-upcoming-feature DisableOutwardActorInference -enable-upcoming-feature InferSendableFromCaptures -enable-upcoming-feature GlobalActorIsolatedTypesUsability -enable-upcoming-feature MemberImportVisibility -enable-upcoming-feature InferIsolatedConformances -enable-upcoming-feature NonisolatedNonsendingByDefault -enable-experimental-feature DebugDescriptionMacro -enable-bare-slash-regex -default-isolation\=MainActor -empty-abi-descriptor -validate-clang-modules-once -clang-build-session-file /Users/michaelqiu/Library/Developer/Xcode/DerivedData/ModuleCache.noindex/Session.modulevalidation -Xcc -working-directory -Xcc /Users/michaelqiu/Projects/03_App_macOS/OptClicker -enable-anonymous-context-mangled-names -file-compilation-dir /Users/michaelqiu/Projects/03_App_macOS/OptClicker -Xcc -D_LIBCPP_HARDENING_MODE\=_LIBCPP_HARDENING_MODE_DEBUG -Xcc -ivfsstatcache -Xcc /Users/michaelqiu/Library/Developer/Xcode/DerivedData/SDKStatCaches.noindex/macosx26.0-25A352-3885c01c3e6b6a337905948deab2002e28806144b0707e398aac92880fa50324.sdkstatcache -Xcc -I/Users/michaelqiu/Library/Developer/Xcode/DerivedData/OptClicker-clfwnlajshttuufspoeojewbotyg/Build/Intermediates.noindex/OptClicker.build/Debug/OptClicker.build/swift-overrides.hmap -Xcc -iquote -Xcc /Users/michaelqiu/Library/Developer/Xcode/DerivedData/OptClicker-clfwnlajshttuufspoeojewbotyg/Build/Intermediates.noindex/OptClicker.build/Debug/OptClicker.build/OptClicker-generated-files.hmap -Xcc -I/Users/michaelqiu/Library/Developer/Xcode/DerivedData/OptClicker-clfwnlajshttuufspoeojewbotyg/Build/Intermediates.noindex/OptClicker.build/Debug/OptClicker.build/OptClicker-own-target-headers.hmap -Xcc -I/Users/michaelqiu/Library/Developer/Xcode/DerivedData/OptClicker-clfwnlajshttuufspoeojewbotyg/Build/Intermediates.noindex/OptClicker.build/Debug/OptClicker.build/OptClicker-all-non-framework-target-headers.hmap -Xcc -ivfsoverlay -Xcc /Users/michaelqiu/Library/Developer/Xcode/DerivedData/OptClicker-clfwnlajshttuufspoeojewbotyg/Build/Intermediates.noindex/OptClicker.build/Debug/OptClicker-fd49a6a6b976d022c336ed7d9848ea79-VFS/all-product-headers.yaml -Xcc -iquote -Xcc /Users/michaelqiu/Library/Developer/Xcode/DerivedData/OptClicker-clfwnlajshttuufspoeojewbotyg/Build/Intermediates.noindex/OptClicker.build/Debug/OptClicker.build/OptClicker-project-headers.hmap -Xcc -I/Users/michaelqiu/Library/Developer/Xcode/DerivedData/OptClicker-clfwnlajshttuufspoeojewbotyg/Build/Products/Debug/include -Xcc -I/Users/michaelqiu/Library/Developer/Xcode/DerivedData/OptClicker-clfwnlajshttuufspoeojewbotyg/Build/Intermediates.noindex/OptClicker.build/Debug/OptClicker.build/DerivedSources-normal/arm64 -Xcc -I/Users/michaelqiu/Library/Developer/Xcode/DerivedData/OptClicker-clfwnlajshttuufspoeojewbotyg/Build/Intermediates.noindex/OptClicker.build/Debug/OptClicker.build/DerivedSources/arm64 -Xcc -I/Users/michaelqiu/Library/Developer/Xcode/DerivedData/OptClicker-clfwnlajshttuufspoeojewbotyg/Build/Intermediates.noindex/OptClicker.build/Debug/OptClicker.build/DerivedSources -Xcc -DDEBUG\=1 -no-auto-bridging-header-chaining -module-name OptClicker -frontend-parseable-output -disable-clang-spi -target-sdk-version 26.0 -target-sdk-name macosx26.0 -clang-target arm64-apple-macos26.0 -in-process-plugin-server-path /Applications/Xcode.app/Contents/Developer/Toolchains/XcodeDefault.xctoolchain/usr/lib/swift/host/libSwiftInProcPluginServer.dylib -o /Users/michaelqiu/Library/Developer/Xcode/DerivedData/OptClicker-clfwnlajshttuufspoeojewbotyg/Build/Intermediates.noindex/OptClicker.build/Debug/OptClicker.build/Objects-normal/arm64/OptClickerApp.o -index-unit-output-path /OptClicker.build/Debug/OptClicker.build/Objects-normal/arm64/OptClickerApp.o -index-store-path /Users/michaelqiu/Library/Developer/Xcode/DerivedData/OptClicker-clfwnlajshttuufspoeojewbotyg/Index.noindex/DataStore -index-system-modules

SwiftCompile normal arm64 /Users/michaelqiu/Projects/03_App_macOS/OptClicker/OptClicker/OptClickerApp.swift (in target 'OptClicker' from project 'OptClicker')
    cd /Users/michaelqiu/Projects/03_App_macOS/OptClicker
    
/Users/michaelqiu/Projects/03_App_macOS/OptClicker/OptClicker/OptClickerApp.swift:55:26: error: type 'UpdateManager' has no member 'isAutoCheckEnabled'
        if UpdateManager.isAutoCheckEnabled {
           ~~~~~~~~~~~~~ ^~~~~~~~~~~~~~~~~~
/Users/michaelqiu/Projects/03_App_macOS/OptClicker/OptClicker/OptClickerApp.swift:58:48: error: value of type 'UpdateManager' has no member 'checkForUpdate'
                    await UpdateManager.shared.checkForUpdate(from: nil, suppressUpToDateAlert: true)
                          ~~~~~~~~~~~~~~~~~~~~ ^~~~~~~~~~~~~~
/Users/michaelqiu/Projects/03_App_macOS/OptClicker/OptClicker/OptClickerApp.swift:58:69: error: 'nil' requires a contextual type
                    await UpdateManager.shared.checkForUpdate(from: nil, suppressUpToDateAlert: true)
                                                                    ^
/Users/michaelqiu/Projects/03_App_macOS/OptClicker/OptClicker/OptClickerApp.swift:85:55: error: value of type 'UpdateManager' has no member 'latestReleaseURL'
           let url = URL(string: UpdateManager.shared.latestReleaseURL.trimmingCharacters(in: .whitespacesAndNewlines)) {
                                 ~~~~~~~~~~~~~~~~~~~~ ^~~~~~~~~~~~~~~~
/Users/michaelqiu/Projects/03_App_macOS/OptClicker/OptClicker/OptClickerApp.swift:85:96: error: cannot infer contextual base in reference to member 'whitespacesAndNewlines'
           let url = URL(string: UpdateManager.shared.latestReleaseURL.trimmingCharacters(in: .whitespacesAndNewlines)) {
                                                                                              ~^~~~~~~~~~~~~~~~~~~~~~

SwiftCompile normal arm64 Compiling\ AboutView.swift /Users/michaelqiu/Projects/03_App_macOS/OptClicker/OptClicker/Views/SettingsSubViews/AboutView.swift (in target 'OptClicker' from project 'OptClicker')
SwiftCompile normal arm64 /Users/michaelqiu/Projects/03_App_macOS/OptClicker/OptClicker/Views/SettingsSubViews/AboutView.swift (in target 'OptClicker' from project 'OptClicker')
    cd /Users/michaelqiu/Projects/03_App_macOS/OptClicker
    

SwiftCompile normal arm64 Compiling\ SettingsView.swift /Users/michaelqiu/Projects/03_App_macOS/OptClicker/OptClicker/Views/SettingsView.swift (in target 'OptClicker' from project 'OptClicker')

SwiftCompile normal arm64 /Users/michaelqiu/Projects/03_App_macOS/OptClicker/OptClicker/Views/SettingsView.swift (in target 'OptClicker' from project 'OptClicker')
    cd /Users/michaelqiu/Projects/03_App_macOS/OptClicker
    

SwiftCompile normal arm64 Compiling\ HotkeyManager.swift,\ InputManager.swift /Users/michaelqiu/Projects/03_App_macOS/OptClicker/OptClicker/Services/HotkeyManager.swift /Users/michaelqiu/Projects/03_App_macOS/OptClicker/OptClicker/Services/InputManager.swift (in target 'OptClicker' from project 'OptClicker')

SwiftCompile normal arm64 /Users/michaelqiu/Projects/03_App_macOS/OptClicker/OptClicker/Services/HotkeyManager.swift (in target 'OptClicker' from project 'OptClicker')
    cd /Users/michaelqiu/Projects/03_App_macOS/OptClicker
    

SwiftCompile normal arm64 /Users/michaelqiu/Projects/03_App_macOS/OptClicker/OptClicker/Services/InputManager.swift (in target 'OptClicker' from project 'OptClicker')
    cd /Users/michaelqiu/Projects/03_App_macOS/OptClicker
    

SwiftCompile normal arm64 Compiling\ AutoToggleSpacesView.swift,\ AutoToggleView.swift /Users/michaelqiu/Projects/03_App_macOS/OptClicker/OptClicker/Views/SettingsSubViews/GeneralSettingsSubViews/AutoToggleSpacesView.swift /Users/michaelqiu/Projects/03_App_macOS/OptClicker/OptClicker/Views/SettingsSubViews/GeneralSettingsSubViews/AutoToggleView.swift (in target 'OptClicker' from project 'OptClicker')

SwiftCompile normal arm64 /Users/michaelqiu/Projects/03_App_macOS/OptClicker/OptClicker/Views/SettingsSubViews/GeneralSettingsSubViews/AutoToggleSpacesView.swift (in target 'OptClicker' from project 'OptClicker')
    cd /Users/michaelqiu/Projects/03_App_macOS/OptClicker
    

SwiftCompile normal arm64 /Users/michaelqiu/Projects/03_App_macOS/OptClicker/OptClicker/Views/SettingsSubViews/GeneralSettingsSubViews/AutoToggleView.swift (in target 'OptClicker' from project 'OptClicker')
    cd /Users/michaelqiu/Projects/03_App_macOS/OptClicker
    

SwiftCompile normal arm64 Compiling\ PermissionsSettingsView.swift /Users/michaelqiu/Projects/03_App_macOS/OptClicker/OptClicker/Views/SettingsSubViews/PermissionsSettingsView.swift (in target 'OptClicker' from project 'OptClicker')

** BUILD FAILED **


The following build commands failed:
	SwiftCompile normal arm64 Compiling\ OptClickerApp.swift /Users/michaelqiu/Projects/03_App_macOS/OptClicker/OptClicker/OptClickerApp.swift (in target 'OptClicker' from project 'OptClicker')
	SwiftCompile normal arm64 /Users/michaelqiu/Projects/03_App_macOS/OptClicker/OptClicker/OptClickerApp.swift (in target 'OptClicker' from project 'OptClicker')
	Building project OptClicker with scheme OptClick and configuration Debug
(3 failures)
